::ffff:127.0.0.1 - - [15/Apr/2022:15:38:59 +0000] "GET /uploads/276270758_3862731587343623_2010198310967369279_n-17fc548c9e3.png HTTP/1.1" 200 380684 "-" "axios/0.24.0"
::1 - - [15/Apr/2022:15:38:59 +0000] "GET /api/download/zip HTTP/1.1" 200 - "-" "Mozilla/5.0 (Macintosh; Intel Mac OS X 10_15_7) AppleWebKit/537.36 (KHTML, like Gecko) Chrome/100.0.4896.75 Safari/537.36"
::ffff:127.0.0.1 - - [15/Apr/2022:15:39:56 +0000] "GET /uploads/276270758_3862731587343623_2010198310967369279_n-17fc548c9e3.png HTTP/1.1" 200 380684 "-" "axios/0.24.0"
::1 - - [15/Apr/2022:15:39:56 +0000] "GET /api/download/zip HTTP/1.1" 200 - "-" "Mozilla/5.0 (Macintosh; Intel Mac OS X 10_15_7) AppleWebKit/537.36 (KHTML, like Gecko) Chrome/100.0.4896.75 Safari/537.36"
::ffff:127.0.0.1 - - [15/Apr/2022:15:44:32 +0000] "GET /uploads/276270758_3862731587343623_2010198310967369279_n-17fc548c9e3.png HTTP/1.1" 200 380684 "-" "axios/0.24.0"
::1 - - [15/Apr/2022:15:44:32 +0000] "GET /api/download/zip HTTP/1.1" 200 - "-" "Mozilla/5.0 (Macintosh; Intel Mac OS X 10_15_7) AppleWebKit/537.36 (KHTML, like Gecko) Chrome/100.0.4896.75 Safari/537.36"
::1 - - [15/Apr/2022:15:44:35 +0000] "GET /api/download/csv HTTP/1.1" 500 2 "-" "Mozilla/5.0 (Macintosh; Intel Mac OS X 10_15_7) AppleWebKit/537.36 (KHTML, like Gecko) Chrome/100.0.4896.75 Safari/537.36"
::1 - - [15/Apr/2022:15:44:35 +0000] "GET /favicon.ico HTTP/1.1" 200 4286 "http://localhost:8000/api/download/csv" "Mozilla/5.0 (Macintosh; Intel Mac OS X 10_15_7) AppleWebKit/537.36 (KHTML, like Gecko) Chrome/100.0.4896.75 Safari/537.36"
::1 - - [15/Apr/2022:15:44:37 +0000] "GET /api/download/csv HTTP/1.1" 500 2 "-" "Mozilla/5.0 (Macintosh; Intel Mac OS X 10_15_7) AppleWebKit/537.36 (KHTML, like Gecko) Chrome/100.0.4896.75 Safari/537.36"
::1 - - [15/Apr/2022:15:44:37 +0000] "GET /favicon.ico HTTP/1.1" 200 4286 "http://localhost:8000/api/download/csv" "Mozilla/5.0 (Macintosh; Intel Mac OS X 10_15_7) AppleWebKit/537.36 (KHTML, like Gecko) Chrome/100.0.4896.75 Safari/537.36"
::1 - - [15/Apr/2022:15:47:51 +0000] "GET /api/download/csv HTTP/1.1" 200 - "-" "Mozilla/5.0 (Macintosh; Intel Mac OS X 10_15_7) AppleWebKit/537.36 (KHTML, like Gecko) Chrome/100.0.4896.75 Safari/537.36"
::1 - - [15/Apr/2022:15:49:02 +0000] "GET /api/download/csv HTTP/1.1" 200 - "-" "Mozilla/5.0 (Macintosh; Intel Mac OS X 10_15_7) AppleWebKit/537.36 (KHTML, like Gecko) Chrome/100.0.4896.75 Safari/537.36"
::1 - - [15/Apr/2022:15:50:23 +0000] "GET /api/download/csv HTTP/1.1" 200 - "-" "Mozilla/5.0 (Macintosh; Intel Mac OS X 10_15_7) AppleWebKit/537.36 (KHTML, like Gecko) Chrome/100.0.4896.75 Safari/537.36"
::1 - - [15/Apr/2022:15:50:47 +0000] "GET /api/download/csv HTTP/1.1" 200 - "-" "Mozilla/5.0 (Macintosh; Intel Mac OS X 10_15_7) AppleWebKit/537.36 (KHTML, like Gecko) Chrome/100.0.4896.75 Safari/537.36"
::1 - - [15/Apr/2022:15:53:26 +0000] "GET /api/download/csv HTTP/1.1" 200 - "-" "Mozilla/5.0 (Macintosh; Intel Mac OS X 10_15_7) AppleWebKit/537.36 (KHTML, like Gecko) Chrome/100.0.4896.75 Safari/537.36"
::1 - - [15/Apr/2022:15:55:08 +0000] "GET /api/download/csv HTTP/1.1" 200 - "-" "Mozilla/5.0 (Macintosh; Intel Mac OS X 10_15_7) AppleWebKit/537.36 (KHTML, like Gecko) Chrome/100.0.4896.75 Safari/537.36"
::1 - - [15/Apr/2022:15:58:38 +0000] "GET /api/download/csv HTTP/1.1" 200 - "-" "Mozilla/5.0 (Macintosh; Intel Mac OS X 10_15_7) AppleWebKit/537.36 (KHTML, like Gecko) Chrome/100.0.4896.75 Safari/537.36"
::1 - - [15/Apr/2022:15:59:53 +0000] "GET /api/download/csv HTTP/1.1" 200 - "-" "Mozilla/5.0 (Macintosh; Intel Mac OS X 10_15_7) AppleWebKit/537.36 (KHTML, like Gecko) Chrome/100.0.4896.75 Safari/537.36"
::1 - - [15/Apr/2022:16:07:04 +0000] "GET /api/download/csv HTTP/1.1" 200 - "-" "Mozilla/5.0 (Macintosh; Intel Mac OS X 10_15_7) AppleWebKit/537.36 (KHTML, like Gecko) Chrome/100.0.4896.75 Safari/537.36"
::ffff:127.0.0.1 - - [15/Apr/2022:16:07:15 +0000] "GET /uploads/276270758_3862731587343623_2010198310967369279_n-17fc548c9e3.png HTTP/1.1" 200 380684 "-" "axios/0.24.0"
::1 - - [15/Apr/2022:16:07:15 +0000] "GET /api/download/zip HTTP/1.1" 404 9 "-" "Mozilla/5.0 (Macintosh; Intel Mac OS X 10_15_7) AppleWebKit/537.36 (KHTML, like Gecko) Chrome/100.0.4896.75 Safari/537.36"
::1 - - [15/Apr/2022:16:07:15 +0000] "GET /favicon.ico HTTP/1.1" 200 4286 "http://localhost:8000/api/download/zip" "Mozilla/5.0 (Macintosh; Intel Mac OS X 10_15_7) AppleWebKit/537.36 (KHTML, like Gecko) Chrome/100.0.4896.75 Safari/537.36"
::ffff:127.0.0.1 - - [15/Apr/2022:16:08:19 +0000] "GET /uploads/276270758_3862731587343623_2010198310967369279_n-17fc548c9e3.png HTTP/1.1" 200 380684 "-" "axios/0.24.0"
::1 - - [15/Apr/2022:16:08:19 +0000] "GET /api/download/zip HTTP/1.1" 200 - "-" "Mozilla/5.0 (Macintosh; Intel Mac OS X 10_15_7) AppleWebKit/537.36 (KHTML, like Gecko) Chrome/100.0.4896.75 Safari/537.36"
::ffff:127.0.0.1 - - [15/Apr/2022:16:09:23 +0000] "GET /uploads/Business_Requirement-17fbc21e37c.docx HTTP/1.1" 200 14019 "-" "axios/0.24.0"
::1 - - [15/Apr/2022:16:09:23 +0000] "GET /api/download/zip HTTP/1.1" 200 - "-" "Mozilla/5.0 (Macintosh; Intel Mac OS X 10_15_7) AppleWebKit/537.36 (KHTML, like Gecko) Chrome/100.0.4896.75 Safari/537.36"
::ffff:127.0.0.1 - - [15/Apr/2022:16:10:07 +0000] "GET /uploads/Business_Requirement-17fbc21e37c.docx HTTP/1.1" 200 14019 "-" "axios/0.24.0"
::1 - - [15/Apr/2022:16:10:07 +0000] "GET /api/download/zip HTTP/1.1" 200 - "-" "Mozilla/5.0 (Macintosh; Intel Mac OS X 10_15_7) AppleWebKit/537.36 (KHTML, like Gecko) Chrome/100.0.4896.75 Safari/537.36"
::ffff:127.0.0.1 - - [15/Apr/2022:16:10:32 +0000] "GET /uploads/Business_Requirement-17fbc21e37c.docx HTTP/1.1" 200 14019 "-" "axios/0.24.0"
::1 - - [15/Apr/2022:16:10:32 +0000] "GET /api/download/zip HTTP/1.1" 200 - "-" "Mozilla/5.0 (Macintosh; Intel Mac OS X 10_15_7) AppleWebKit/537.36 (KHTML, like Gecko) Chrome/100.0.4896.75 Safari/537.36"
::ffff:127.0.0.1 - - [15/Apr/2022:16:10:47 +0000] "GET /uploads/Business_Requirement-17fbc21e37c.docx HTTP/1.1" 200 14019 "-" "axios/0.24.0"
::1 - - [15/Apr/2022:16:10:47 +0000] "GET /api/download/zip HTTP/1.1" 200 - "-" "Mozilla/5.0 (Macintosh; Intel Mac OS X 10_15_7) AppleWebKit/537.36 (KHTML, like Gecko) Chrome/100.0.4896.75 Safari/537.36"
::ffff:127.0.0.1 - - [15/Apr/2022:16:11:33 +0000] "GET /uploads/Business_Requirement-17fbc21e37c.docx HTTP/1.1" 200 14019 "-" "axios/0.24.0"
::1 - - [15/Apr/2022:16:11:33 +0000] "GET /api/download/zip HTTP/1.1" 200 - "-" "Mozilla/5.0 (Macintosh; Intel Mac OS X 10_15_7) AppleWebKit/537.36 (KHTML, like Gecko) Chrome/100.0.4896.75 Safari/537.36"
::ffff:127.0.0.1 - - [15/Apr/2022:16:12:54 +0000] "GET /uploads/Business_Requirement-17fbc21e37c.docx HTTP/1.1" 200 14019 "-" "axios/0.24.0"
::1 - - [15/Apr/2022:16:12:54 +0000] "GET /api/download/zip HTTP/1.1" 200 - "-" "Mozilla/5.0 (Macintosh; Intel Mac OS X 10_15_7) AppleWebKit/537.36 (KHTML, like Gecko) Chrome/100.0.4896.75 Safari/537.36"
::ffff:127.0.0.1 - - [15/Apr/2022:16:13:00 +0000] "GET /uploads/Business_Requirement-17fbc21e37c.docx HTTP/1.1" 200 14019 "-" "axios/0.24.0"
::1 - - [15/Apr/2022:16:13:00 +0000] "GET /api/download/zip HTTP/1.1" 200 - "-" "Mozilla/5.0 (Macintosh; Intel Mac OS X 10_15_7) AppleWebKit/537.36 (KHTML, like Gecko) Chrome/100.0.4896.75 Safari/537.36"
::1 - - [15/Apr/2022:16:14:42 +0000] "OPTIONS /api/auth/login HTTP/1.1" 204 - "http://localhost:8080/" "Mozilla/5.0 (Macintosh; Intel Mac OS X 10_15_7) AppleWebKit/537.36 (KHTML, like Gecko) Chrome/100.0.4896.75 Safari/537.36"
::1 - - [15/Apr/2022:16:14:42 +0000] "POST /api/auth/login HTTP/1.1" 200 470 "http://localhost:8080/" "Mozilla/5.0 (Macintosh; Intel Mac OS X 10_15_7) AppleWebKit/537.36 (KHTML, like Gecko) Chrome/100.0.4896.75 Safari/537.36"
::1 - - [15/Apr/2022:16:14:42 +0000] "OPTIONS /api/auth/info HTTP/1.1" 204 - "http://localhost:8080/" "Mozilla/5.0 (Macintosh; Intel Mac OS X 10_15_7) AppleWebKit/537.36 (KHTML, like Gecko) Chrome/100.0.4896.75 Safari/537.36"
::1 - - [15/Apr/2022:16:14:42 +0000] "POST /api/auth/info HTTP/1.1" 200 297 "http://localhost:8080/" "Mozilla/5.0 (Macintosh; Intel Mac OS X 10_15_7) AppleWebKit/537.36 (KHTML, like Gecko) Chrome/100.0.4896.75 Safari/537.36"
::1 - - [15/Apr/2022:16:14:42 +0000] "OPTIONS /api/idea?page=1 HTTP/1.1" 204 - "http://localhost:8080/" "Mozilla/5.0 (Macintosh; Intel Mac OS X 10_15_7) AppleWebKit/537.36 (KHTML, like Gecko) Chrome/100.0.4896.75 Safari/537.36"
::1 - - [15/Apr/2022:16:14:44 +0000] "GET /api/idea?page=1 HTTP/1.1" 200 5204 "http://localhost:8080/" "Mozilla/5.0 (Macintosh; Intel Mac OS X 10_15_7) AppleWebKit/537.36 (KHTML, like Gecko) Chrome/100.0.4896.75 Safari/537.36"
::1 - - [15/Apr/2022:16:14:44 +0000] "OPTIONS /api/user HTTP/1.1" 204 - "http://localhost:8080/" "Mozilla/5.0 (Macintosh; Intel Mac OS X 10_15_7) AppleWebKit/537.36 (KHTML, like Gecko) Chrome/100.0.4896.75 Safari/537.36"
::1 - - [15/Apr/2022:16:14:45 +0000] "GET /api/user HTTP/1.1" 200 7661 "http://localhost:8080/" "Mozilla/5.0 (Macintosh; Intel Mac OS X 10_15_7) AppleWebKit/537.36 (KHTML, like Gecko) Chrome/100.0.4896.75 Safari/537.36"
::1 - - [15/Apr/2022:16:14:45 +0000] "OPTIONS /api/role HTTP/1.1" 204 - "http://localhost:8080/" "Mozilla/5.0 (Macintosh; Intel Mac OS X 10_15_7) AppleWebKit/537.36 (KHTML, like Gecko) Chrome/100.0.4896.75 Safari/537.36"
::1 - - [15/Apr/2022:16:14:45 +0000] "GET /api/role HTTP/1.1" 200 317 "http://localhost:8080/" "Mozilla/5.0 (Macintosh; Intel Mac OS X 10_15_7) AppleWebKit/537.36 (KHTML, like Gecko) Chrome/100.0.4896.75 Safari/537.36"
::1 - - [15/Apr/2022:16:14:45 +0000] "OPTIONS /api/department HTTP/1.1" 204 - "http://localhost:8080/" "Mozilla/5.0 (Macintosh; Intel Mac OS X 10_15_7) AppleWebKit/537.36 (KHTML, like Gecko) Chrome/100.0.4896.75 Safari/537.36"
::1 - - [15/Apr/2022:16:14:45 +0000] "OPTIONS /api/chart/list-ideas-have-most-like HTTP/1.1" 204 - "http://localhost:8080/" "Mozilla/5.0 (Macintosh; Intel Mac OS X 10_15_7) AppleWebKit/537.36 (KHTML, like Gecko) Chrome/100.0.4896.75 Safari/537.36"
::1 - - [15/Apr/2022:16:14:45 +0000] "OPTIONS /api/chart/list-ideas-have-most-view HTTP/1.1" 204 - "http://localhost:8080/" "Mozilla/5.0 (Macintosh; Intel Mac OS X 10_15_7) AppleWebKit/537.36 (KHTML, like Gecko) Chrome/100.0.4896.75 Safari/537.36"
::1 - - [15/Apr/2022:16:14:46 +0000] "GET /api/chart/list-ideas-have-most-like HTTP/1.1" 200 379 "http://localhost:8080/" "Mozilla/5.0 (Macintosh; Intel Mac OS X 10_15_7) AppleWebKit/537.36 (KHTML, like Gecko) Chrome/100.0.4896.75 Safari/537.36"
::1 - - [15/Apr/2022:16:14:46 +0000] "GET /api/chart/list-ideas-have-most-view HTTP/1.1" 200 386 "http://localhost:8080/" "Mozilla/5.0 (Macintosh; Intel Mac OS X 10_15_7) AppleWebKit/537.36 (KHTML, like Gecko) Chrome/100.0.4896.75 Safari/537.36"
::1 - - [15/Apr/2022:16:14:47 +0000] "GET /api/department HTTP/1.1" 200 677 "http://localhost:8080/" "Mozilla/5.0 (Macintosh; Intel Mac OS X 10_15_7) AppleWebKit/537.36 (KHTML, like Gecko) Chrome/100.0.4896.75 Safari/537.36"
::1 - - [15/Apr/2022:16:14:47 +0000] "GET /api/user HTTP/1.1" 200 7661 "http://localhost:8080/" "Mozilla/5.0 (Macintosh; Intel Mac OS X 10_15_7) AppleWebKit/537.36 (KHTML, like Gecko) Chrome/100.0.4896.75 Safari/537.36"
::1 - - [15/Apr/2022:16:14:47 +0000] "GET /api/role HTTP/1.1" 200 317 "http://localhost:8080/" "Mozilla/5.0 (Macintosh; Intel Mac OS X 10_15_7) AppleWebKit/537.36 (KHTML, like Gecko) Chrome/100.0.4896.75 Safari/537.36"
::1 - - [15/Apr/2022:16:14:49 +0000] "GET /api/department HTTP/1.1" 200 677 "http://localhost:8080/" "Mozilla/5.0 (Macintosh; Intel Mac OS X 10_15_7) AppleWebKit/537.36 (KHTML, like Gecko) Chrome/100.0.4896.75 Safari/537.36"
::1 - - [15/Apr/2022:16:14:49 +0000] "OPTIONS /api/category HTTP/1.1" 204 - "http://localhost:8080/" "Mozilla/5.0 (Macintosh; Intel Mac OS X 10_15_7) AppleWebKit/537.36 (KHTML, like Gecko) Chrome/100.0.4896.75 Safari/537.36"
::1 - - [15/Apr/2022:16:14:49 +0000] "GET /api/category HTTP/1.1" 200 980 "http://localhost:8080/" "Mozilla/5.0 (Macintosh; Intel Mac OS X 10_15_7) AppleWebKit/537.36 (KHTML, like Gecko) Chrome/100.0.4896.75 Safari/537.36"
::1 - - [15/Apr/2022:16:14:59 +0000] "OPTIONS /api/idea?page=1 HTTP/1.1" 204 - "http://localhost:8080/" "Mozilla/5.0 (Macintosh; Intel Mac OS X 10_15_7) AppleWebKit/537.36 (KHTML, like Gecko) Chrome/100.0.4896.75 Safari/537.36"
::1 - - [15/Apr/2022:16:15:01 +0000] "GET /api/idea?page=1 HTTP/1.1" 200 5204 "http://localhost:8080/" "Mozilla/5.0 (Macintosh; Intel Mac OS X 10_15_7) AppleWebKit/537.36 (KHTML, like Gecko) Chrome/100.0.4896.75 Safari/537.36"
::1 - - [15/Apr/2022:16:15:01 +0000] "OPTIONS /api/user HTTP/1.1" 204 - "http://localhost:8080/" "Mozilla/5.0 (Macintosh; Intel Mac OS X 10_15_7) AppleWebKit/537.36 (KHTML, like Gecko) Chrome/100.0.4896.75 Safari/537.36"
::1 - - [15/Apr/2022:16:15:01 +0000] "GET /api/user HTTP/1.1" 200 7661 "http://localhost:8080/" "Mozilla/5.0 (Macintosh; Intel Mac OS X 10_15_7) AppleWebKit/537.36 (KHTML, like Gecko) Chrome/100.0.4896.75 Safari/537.36"
::1 - - [15/Apr/2022:16:15:01 +0000] "OPTIONS /api/department HTTP/1.1" 204 - "http://localhost:8080/" "Mozilla/5.0 (Macintosh; Intel Mac OS X 10_15_7) AppleWebKit/537.36 (KHTML, like Gecko) Chrome/100.0.4896.75 Safari/537.36"
::1 - - [15/Apr/2022:16:15:03 +0000] "GET /api/department HTTP/1.1" 200 677 "http://localhost:8080/" "Mozilla/5.0 (Macintosh; Intel Mac OS X 10_15_7) AppleWebKit/537.36 (KHTML, like Gecko) Chrome/100.0.4896.75 Safari/537.36"
::1 - - [15/Apr/2022:16:15:03 +0000] "OPTIONS /api/category HTTP/1.1" 204 - "http://localhost:8080/" "Mozilla/5.0 (Macintosh; Intel Mac OS X 10_15_7) AppleWebKit/537.36 (KHTML, like Gecko) Chrome/100.0.4896.75 Safari/537.36"
::1 - - [15/Apr/2022:16:15:03 +0000] "GET /api/category HTTP/1.1" 200 980 "http://localhost:8080/" "Mozilla/5.0 (Macintosh; Intel Mac OS X 10_15_7) AppleWebKit/537.36 (KHTML, like Gecko) Chrome/100.0.4896.75 Safari/537.36"
::1 - - [15/Apr/2022:16:15:28 +0000] "OPTIONS /api/chart/list-ideas-have-most-like HTTP/1.1" 204 - "http://localhost:8080/" "Mozilla/5.0 (Macintosh; Intel Mac OS X 10_15_7) AppleWebKit/537.36 (KHTML, like Gecko) Chrome/100.0.4896.75 Safari/537.36"
::1 - - [15/Apr/2022:16:15:28 +0000] "OPTIONS /api/chart/list-ideas-have-most-view HTTP/1.1" 204 - "http://localhost:8080/" "Mozilla/5.0 (Macintosh; Intel Mac OS X 10_15_7) AppleWebKit/537.36 (KHTML, like Gecko) Chrome/100.0.4896.75 Safari/537.36"
::1 - - [15/Apr/2022:16:15:28 +0000] "GET /api/chart/list-ideas-have-most-view HTTP/1.1" 200 386 "http://localhost:8080/" "Mozilla/5.0 (Macintosh; Intel Mac OS X 10_15_7) AppleWebKit/537.36 (KHTML, like Gecko) Chrome/100.0.4896.75 Safari/537.36"
::1 - - [15/Apr/2022:16:15:28 +0000] "GET /api/chart/list-ideas-have-most-like HTTP/1.1" 200 379 "http://localhost:8080/" "Mozilla/5.0 (Macintosh; Intel Mac OS X 10_15_7) AppleWebKit/537.36 (KHTML, like Gecko) Chrome/100.0.4896.75 Safari/537.36"
::1 - - [15/Apr/2022:16:15:31 +0000] "OPTIONS /api/idea?page=1 HTTP/1.1" 204 - "http://localhost:8080/" "Mozilla/5.0 (Macintosh; Intel Mac OS X 10_15_7) AppleWebKit/537.36 (KHTML, like Gecko) Chrome/100.0.4896.75 Safari/537.36"
::1 - - [15/Apr/2022:16:15:32 +0000] "GET /api/idea?page=1 HTTP/1.1" 200 5204 "http://localhost:8080/" "Mozilla/5.0 (Macintosh; Intel Mac OS X 10_15_7) AppleWebKit/537.36 (KHTML, like Gecko) Chrome/100.0.4896.75 Safari/537.36"
::1 - - [15/Apr/2022:16:15:32 +0000] "OPTIONS /api/user HTTP/1.1" 204 - "http://localhost:8080/" "Mozilla/5.0 (Macintosh; Intel Mac OS X 10_15_7) AppleWebKit/537.36 (KHTML, like Gecko) Chrome/100.0.4896.75 Safari/537.36"
::1 - - [15/Apr/2022:16:15:32 +0000] "GET /api/user HTTP/1.1" 200 7661 "http://localhost:8080/" "Mozilla/5.0 (Macintosh; Intel Mac OS X 10_15_7) AppleWebKit/537.36 (KHTML, like Gecko) Chrome/100.0.4896.75 Safari/537.36"
::1 - - [15/Apr/2022:16:15:32 +0000] "OPTIONS /api/department HTTP/1.1" 204 - "http://localhost:8080/" "Mozilla/5.0 (Macintosh; Intel Mac OS X 10_15_7) AppleWebKit/537.36 (KHTML, like Gecko) Chrome/100.0.4896.75 Safari/537.36"
::1 - - [15/Apr/2022:16:15:34 +0000] "GET /api/department HTTP/1.1" 200 677 "http://localhost:8080/" "Mozilla/5.0 (Macintosh; Intel Mac OS X 10_15_7) AppleWebKit/537.36 (KHTML, like Gecko) Chrome/100.0.4896.75 Safari/537.36"
::1 - - [15/Apr/2022:16:15:34 +0000] "OPTIONS /api/category HTTP/1.1" 204 - "http://localhost:8080/" "Mozilla/5.0 (Macintosh; Intel Mac OS X 10_15_7) AppleWebKit/537.36 (KHTML, like Gecko) Chrome/100.0.4896.75 Safari/537.36"
::1 - - [15/Apr/2022:16:15:34 +0000] "GET /api/category HTTP/1.1" 200 980 "http://localhost:8080/" "Mozilla/5.0 (Macintosh; Intel Mac OS X 10_15_7) AppleWebKit/537.36 (KHTML, like Gecko) Chrome/100.0.4896.75 Safari/537.36"
::1 - - [15/Apr/2022:16:15:34 +0000] "GET /api/idea?page=1 HTTP/1.1" 200 5204 "http://localhost:8080/" "Mozilla/5.0 (Macintosh; Intel Mac OS X 10_15_7) AppleWebKit/537.36 (KHTML, like Gecko) Chrome/100.0.4896.75 Safari/537.36"
::1 - - [15/Apr/2022:16:15:39 +0000] "OPTIONS /api/idea/625703ab3fd2ece3d99229e9 HTTP/1.1" 204 - "http://localhost:8080/" "Mozilla/5.0 (Macintosh; Intel Mac OS X 10_15_7) AppleWebKit/537.36 (KHTML, like Gecko) Chrome/100.0.4896.75 Safari/537.36"
::1 - - [15/Apr/2022:16:15:40 +0000] "GET /api/idea/625703ab3fd2ece3d99229e9 HTTP/1.1" 200 744 "http://localhost:8080/" "Mozilla/5.0 (Macintosh; Intel Mac OS X 10_15_7) AppleWebKit/537.36 (KHTML, like Gecko) Chrome/100.0.4896.75 Safari/537.36"
::1 - - [15/Apr/2022:16:15:43 +0000] "OPTIONS /api/idea?page=1 HTTP/1.1" 204 - "http://localhost:8080/" "Mozilla/5.0 (Macintosh; Intel Mac OS X 10_15_7) AppleWebKit/537.36 (KHTML, like Gecko) Chrome/100.0.4896.75 Safari/537.36"
::1 - - [15/Apr/2022:16:15:45 +0000] "GET /api/idea?page=1 HTTP/1.1" 200 5204 "http://localhost:8080/" "Mozilla/5.0 (Macintosh; Intel Mac OS X 10_15_7) AppleWebKit/537.36 (KHTML, like Gecko) Chrome/100.0.4896.75 Safari/537.36"
::1 - - [15/Apr/2022:17:06:49 +0000] "POST /api/download/csv HTTP/1.1" 500 2 "-" "PostmanRuntime/7.29.0"
::1 - - [15/Apr/2022:17:07:12 +0000] "POST /api/download/csv HTTP/1.1" 200 - "-" "PostmanRuntime/7.29.0"
::1 - - [15/Apr/2022:17:09:36 +0000] "POST /api/download/csv HTTP/1.1" 200 - "-" "PostmanRuntime/7.29.0"
::1 - - [15/Apr/2022:17:10:01 +0000] "POST /api/download/csv HTTP/1.1" 200 - "-" "PostmanRuntime/7.29.0"
::1 - - [15/Apr/2022:17:12:04 +0000] "POST /api/download/csv HTTP/1.1" 200 - "-" "PostmanRuntime/7.29.0"
::1 - - [15/Apr/2022:17:15:57 +0000] "POST /api/download/csv HTTP/1.1" 200 - "-" "PostmanRuntime/7.29.0"
::1 - - [15/Apr/2022:17:16:39 +0000] "POST /api/download/csv HTTP/1.1" 200 - "-" "PostmanRuntime/7.29.0"
::1 - - [15/Apr/2022:17:18:14 +0000] "POST /api/download/csv HTTP/1.1" 200 - "-" "PostmanRuntime/7.29.0"
::1 - - [15/Apr/2022:17:21:05 +0000] "POST /api/download/csv HTTP/1.1" 200 - "-" "PostmanRuntime/7.29.0"
::1 - - [15/Apr/2022:17:25:54 +0000] "POST /api/download/csv HTTP/1.1" 200 - "-" "PostmanRuntime/7.29.0"
::1 - - [15/Apr/2022:17:26:41 +0000] "POST /api/download/csv HTTP/1.1" 500 2 "-" "PostmanRuntime/7.29.0"
::1 - - [15/Apr/2022:17:27:02 +0000] "POST /api/download/csv HTTP/1.1" 200 - "-" "PostmanRuntime/7.29.0"
::1 - - [15/Apr/2022:17:27:23 +0000] "POST /api/download/csv HTTP/1.1" 200 - "-" "PostmanRuntime/7.29.0"
::1 - - [15/Apr/2022:17:27:47 +0000] "POST /api/download/csv HTTP/1.1" 200 - "-" "PostmanRuntime/7.29.0"
::1 - - [15/Apr/2022:17:28:10 +0000] "POST /api/download/csv HTTP/1.1" 200 - "-" "PostmanRuntime/7.29.0"
::1 - - [15/Apr/2022:17:29:27 +0000] "POST /api/download/csv HTTP/1.1" 200 - "-" "PostmanRuntime/7.29.0"
::1 - - [15/Apr/2022:17:31:05 +0000] "POST /api/download/csv HTTP/1.1" 200 - "-" "PostmanRuntime/7.29.0"
::1 - - [15/Apr/2022:17:31:15 +0000] "POST /api/download/csv HTTP/1.1" 200 - "-" "PostmanRuntime/7.29.0"
::1 - - [15/Apr/2022:17:31:40 +0000] "POST /api/download/csv HTTP/1.1" 200 - "-" "PostmanRuntime/7.29.0"
::1 - - [15/Apr/2022:17:33:34 +0000] "POST /api/download/csv HTTP/1.1" 200 - "-" "PostmanRuntime/7.29.0"
::1 - - [15/Apr/2022:17:33:44 +0000] "POST /api/download/csv HTTP/1.1" 200 - "-" "PostmanRuntime/7.29.0"
::1 - - [15/Apr/2022:17:33:48 +0000] "POST /api/download/csv HTTP/1.1" 200 - "-" "PostmanRuntime/7.29.0"
::1 - - [15/Apr/2022:17:34:45 +0000] "POST /api/download/csv HTTP/1.1" 200 - "-" "PostmanRuntime/7.29.0"
::1 - - [15/Apr/2022:17:36:36 +0000] "POST /api/download/csv HTTP/1.1" 200 - "-" "PostmanRuntime/7.29.0"
::1 - - [15/Apr/2022:17:36:43 +0000] "POST /api/download/csv HTTP/1.1" 200 - "-" "PostmanRuntime/7.29.0"
::1 - - [15/Apr/2022:17:36:50 +0000] "POST /api/download/csv HTTP/1.1" 200 - "-" "PostmanRuntime/7.29.0"
::1 - - [15/Apr/2022:17:38:40 +0000] "POST /api/download/csv HTTP/1.1" 200 - "-" "PostmanRuntime/7.29.0"
::1 - - [15/Apr/2022:17:38:47 +0000] "POST /api/download/csv HTTP/1.1" 500 2 "-" "PostmanRuntime/7.29.0"
::1 - - [15/Apr/2022:17:39:05 +0000] "POST /api/download/csv HTTP/1.1" 200 - "-" "PostmanRuntime/7.29.0"
::1 - - [15/Apr/2022:17:39:16 +0000] "POST /api/download/csv HTTP/1.1" 200 - "-" "PostmanRuntime/7.29.0"
::1 - - [15/Apr/2022:17:40:06 +0000] "POST /api/download/csv HTTP/1.1" 200 - "-" "PostmanRuntime/7.29.0"
::1 - - [15/Apr/2022:17:40:41 +0000] "POST /api/download/csv HTTP/1.1" 200 - "-" "PostmanRuntime/7.29.0"
::1 - - [15/Apr/2022:17:41:11 +0000] "POST /api/download/csv HTTP/1.1" 200 - "-" "PostmanRuntime/7.29.0"
::1 - - [15/Apr/2022:17:41:44 +0000] "POST /api/download/csv HTTP/1.1" 500 2 "-" "PostmanRuntime/7.29.0"
::1 - - [15/Apr/2022:17:42:12 +0000] "POST /api/download/csv HTTP/1.1" 200 - "-" "PostmanRuntime/7.29.0"
::1 - - [15/Apr/2022:17:44:02 +0000] "POST /api/download/csv HTTP/1.1" 200 - "-" "PostmanRuntime/7.29.0"
::1 - - [15/Apr/2022:17:44:19 +0000] "POST /api/download/csv HTTP/1.1" 200 - "-" "PostmanRuntime/7.29.0"
::1 - - [15/Apr/2022:17:45:54 +0000] "POST /api/download/csv HTTP/1.1" 200 - "-" "PostmanRuntime/7.29.0"
::1 - - [15/Apr/2022:17:46:48 +0000] "POST /api/download/csv HTTP/1.1" 200 - "-" "PostmanRuntime/7.29.0"
::1 - - [15/Apr/2022:17:47:52 +0000] "POST /api/download/csv HTTP/1.1" 200 - "-" "PostmanRuntime/7.29.0"
::1 - - [15/Apr/2022:17:50:31 +0000] "POST /api/download/csv HTTP/1.1" 200 - "-" "PostmanRuntime/7.29.0"
::1 - - [15/Apr/2022:17:51:00 +0000] "POST /api/download/csv HTTP/1.1" 200 - "-" "PostmanRuntime/7.29.0"
::1 - - [15/Apr/2022:17:51:34 +0000] "POST /api/download/csv HTTP/1.1" 200 - "-" "PostmanRuntime/7.29.0"
::1 - - [15/Apr/2022:17:52:18 +0000] "POST /api/download/csv HTTP/1.1" 200 - "-" "PostmanRuntime/7.29.0"
::1 - - [15/Apr/2022:17:52:35 +0000] "POST /api/download/csv HTTP/1.1" 200 - "-" "PostmanRuntime/7.29.0"
::1 - - [15/Apr/2022:17:52:47 +0000] "POST /api/download/csv HTTP/1.1" 200 - "-" "PostmanRuntime/7.29.0"
::1 - - [15/Apr/2022:17:53:00 +0000] "POST /api/download/csv HTTP/1.1" 200 - "-" "PostmanRuntime/7.29.0"
::1 - - [15/Apr/2022:17:53:26 +0000] "POST /api/download/csv HTTP/1.1" 200 - "-" "PostmanRuntime/7.29.0"
::1 - - [15/Apr/2022:17:53:45 +0000] "POST /api/download/csv HTTP/1.1" 200 - "-" "PostmanRuntime/7.29.0"
::1 - - [15/Apr/2022:17:54:17 +0000] "POST /api/download/csv HTTP/1.1" 200 - "-" "PostmanRuntime/7.29.0"
::1 - - [15/Apr/2022:17:54:26 +0000] "POST /api/download/csv HTTP/1.1" 200 - "-" "PostmanRuntime/7.29.0"
::1 - - [15/Apr/2022:17:55:03 +0000] "POST /api/download/csv HTTP/1.1" 200 - "-" "PostmanRuntime/7.29.0"
::1 - - [15/Apr/2022:17:55:49 +0000] "POST /api/download/csv HTTP/1.1" 200 - "-" "PostmanRuntime/7.29.0"
::1 - - [15/Apr/2022:17:55:53 +0000] "POST /api/download/csv HTTP/1.1" 404 9 "-" "PostmanRuntime/7.29.0"
::1 - - [15/Apr/2022:17:55:54 +0000] "POST /api/download/csv HTTP/1.1" 200 - "-" "PostmanRuntime/7.29.0"
::1 - - [15/Apr/2022:17:56:05 +0000] "POST /api/download/csv HTTP/1.1" 200 - "-" "PostmanRuntime/7.29.0"
::1 - - [15/Apr/2022:17:56:30 +0000] "POST /api/download/csv HTTP/1.1" 200 - "-" "PostmanRuntime/7.29.0"
::1 - - [15/Apr/2022:17:56:32 +0000] "POST /api/download/csv HTTP/1.1" 404 9 "-" "PostmanRuntime/7.29.0"
::1 - - [15/Apr/2022:17:56:34 +0000] "POST /api/download/csv HTTP/1.1" 200 - "-" "PostmanRuntime/7.29.0"
::1 - - [15/Apr/2022:17:57:11 +0000] "POST /api/download/csv HTTP/1.1" 200 - "-" "PostmanRuntime/7.29.0"
::1 - - [15/Apr/2022:17:57:33 +0000] "POST /api/download/csv HTTP/1.1" 200 - "-" "PostmanRuntime/7.29.0"
::1 - - [15/Apr/2022:17:58:34 +0000] "POST /api/download/csv HTTP/1.1" 200 - "-" "PostmanRuntime/7.29.0"
::1 - - [15/Apr/2022:17:58:51 +0000] "POST /api/download/csv HTTP/1.1" 200 - "-" "PostmanRuntime/7.29.0"
::1 - - [15/Apr/2022:18:03:46 +0000] "POST /api/download/csv HTTP/1.1" 200 - "-" "PostmanRuntime/7.29.0"
::1 - - [15/Apr/2022:18:03:59 +0000] "POST /api/download/csv HTTP/1.1" 200 - "-" "PostmanRuntime/7.29.0"
::1 - - [15/Apr/2022:18:04:25 +0000] "POST /api/download/csv HTTP/1.1" 200 - "-" "PostmanRuntime/7.29.0"
::1 - - [16/Apr/2022:13:42:51 +0000] "POST /api/download/csv HTTP/1.1" 500 2 "-" "PostmanRuntime/7.29.0"
::1 - - [16/Apr/2022:13:43:44 +0000] "POST /api/download/csv HTTP/1.1" 500 2 "-" "PostmanRuntime/7.29.0"
::1 - - [16/Apr/2022:13:45:00 +0000] "POST /api/download/csv HTTP/1.1" 200 48 "-" "PostmanRuntime/7.29.0"
::1 - - [16/Apr/2022:13:45:05 +0000] "GET /csv/2022_1650116700317.csv HTTP/1.1" 200 175 "-" "Mozilla/5.0 (Macintosh; Intel Mac OS X 10_15_7) AppleWebKit/537.36 (KHTML, like Gecko) Chrome/100.0.4896.75 Safari/537.36"
::1 - - [16/Apr/2022:13:52:21 +0000] "POST /api/download/csv HTTP/1.1" 200 48 "-" "PostmanRuntime/7.29.0"
::1 - - [16/Apr/2022:13:52:22 +0000] "GET /csv/2022_1650117141035.csv HTTP/1.1" 200 175 "-" "Mozilla/5.0 (Macintosh; Intel Mac OS X 10_15_7) AppleWebKit/537.36 (KHTML, like Gecko) Chrome/100.0.4896.75 Safari/537.36"
::1 - - [16/Apr/2022:13:52:50 +0000] "GET /csv/2022_1650117141035.csv HTTP/1.1" 200 175 "-" "Mozilla/5.0 (Macintosh; Intel Mac OS X 10_15_7) AppleWebKit/537.36 (KHTML, like Gecko) Chrome/100.0.4896.75 Safari/537.36"
::1 - - [16/Apr/2022:13:54:48 +0000] "POST /api/download/csv HTTP/1.1" 200 48 "-" "PostmanRuntime/7.29.0"
::1 - - [16/Apr/2022:13:54:52 +0000] "GET /csv/2022_1650117288211.csv HTTP/1.1" 200 175 "-" "PostmanRuntime/7.29.0"
::1 - - [16/Apr/2022:13:56:02 +0000] "GET /csv/2022_1650117288211.csv HTTP/1.1" 200 175 "-" "PostmanRuntime/7.29.0"
::1 - - [16/Apr/2022:13:56:08 +0000] "POST /api/download/csv HTTP/1.1" 200 48 "-" "PostmanRuntime/7.29.0"
::1 - - [16/Apr/2022:13:56:47 +0000] "POST /api/download/csv HTTP/1.1" 500 2 "-" "PostmanRuntime/7.29.0"
::1 - - [16/Apr/2022:13:56:58 +0000] "POST /api/download/csv HTTP/1.1" 200 48 "-" "PostmanRuntime/7.29.0"
::1 - - [16/Apr/2022:13:57:38 +0000] "POST /api/download/csv HTTP/1.1" 500 2 "-" "PostmanRuntime/7.29.0"
::1 - - [16/Apr/2022:13:58:34 +0000] "POST /api/download/csv HTTP/1.1" 500 2 "-" "PostmanRuntime/7.29.0"
::1 - - [16/Apr/2022:14:00:07 +0000] "POST /api/download/csv HTTP/1.1" 500 2 "-" "PostmanRuntime/7.29.0"
::1 - - [16/Apr/2022:14:02:00 +0000] "POST /api/download/csv HTTP/1.1" 200 48 "-" "PostmanRuntime/7.29.0"
::1 - - [16/Apr/2022:14:02:12 +0000] "GET /csv/2022_1650117720710.csv HTTP/1.1" 200 940 "-" "PostmanRuntime/7.29.0"
::1 - - [16/Apr/2022:14:02:17 +0000] "GET /csv/2022_1650117720710.csv HTTP/1.1" 200 940 "-" "Mozilla/5.0 (Macintosh; Intel Mac OS X 10_15_7) AppleWebKit/537.36 (KHTML, like Gecko) Chrome/100.0.4896.75 Safari/537.36"
::ffff:127.0.0.1 - - [16/Apr/2022:14:02:51 +0000] "GET /uploads/276270758_3862731587343623_2010198310967369279_n-17fc548c9e3.png HTTP/1.1" 200 380684 "-" "axios/0.24.0"
::1 - - [16/Apr/2022:14:02:51 +0000] "POST /api/download/zip HTTP/1.1" 500 2 "-" "PostmanRuntime/7.29.0"
::ffff:127.0.0.1 - - [16/Apr/2022:14:02:51 +0000] "GET /uploads/Business_Requirement-17fbc21e37c.docx HTTP/1.1" 200 14019 "-" "axios/0.24.0"
::ffff:127.0.0.1 - - [16/Apr/2022:14:03:19 +0000] "GET /uploads/276270758_3862731587343623_2010198310967369279_n-17fc548c9e3.png HTTP/1.1" 200 380684 "-" "axios/0.24.0"
::ffff:127.0.0.1 - - [16/Apr/2022:14:03:19 +0000] "GET /uploads/Business_Requirement-17fbc21e37c.docx HTTP/1.1" 200 14019 "-" "axios/0.24.0"
::1 - - [16/Apr/2022:14:03:19 +0000] "POST /api/download/zip HTTP/1.1" 500 2 "-" "PostmanRuntime/7.29.0"
::ffff:127.0.0.1 - - [16/Apr/2022:14:03:32 +0000] "GET /uploads/276270758_3862731587343623_2010198310967369279_n-17fc548c9e3.png HTTP/1.1" 200 380684 "-" "axios/0.24.0"
::1 - - [16/Apr/2022:14:03:32 +0000] "POST /api/download/zip HTTP/1.1" 200 48 "-" "PostmanRuntime/7.29.0"
::ffff:127.0.0.1 - - [16/Apr/2022:14:03:32 +0000] "GET /uploads/Business_Requirement-17fbc21e37c.docx HTTP/1.1" 200 14019 "-" "axios/0.24.0"
::ffff:127.0.0.1 - - [16/Apr/2022:14:03:51 +0000] "GET /uploads/276270758_3862731587343623_2010198310967369279_n-17fc548c9e3.png HTTP/1.1" 200 380684 "-" "axios/0.24.0"
::1 - - [16/Apr/2022:14:03:51 +0000] "POST /api/download/zip HTTP/1.1" 200 48 "-" "PostmanRuntime/7.29.0"
::ffff:127.0.0.1 - - [16/Apr/2022:14:03:51 +0000] "GET /uploads/Business_Requirement-17fbc21e37c.docx HTTP/1.1" 200 14019 "-" "axios/0.24.0"
::ffff:127.0.0.1 - - [16/Apr/2022:14:04:03 +0000] "GET /uploads/276270758_3862731587343623_2010198310967369279_n-17fc548c9e3.png HTTP/1.1" 200 380684 "-" "axios/0.24.0"
::1 - - [16/Apr/2022:14:04:03 +0000] "POST /api/download/zip HTTP/1.1" 200 48 "-" "PostmanRuntime/7.29.0"
::ffff:127.0.0.1 - - [16/Apr/2022:14:04:03 +0000] "GET /uploads/Business_Requirement-17fbc21e37c.docx HTTP/1.1" 200 14019 "-" "axios/0.24.0"
::1 - - [16/Apr/2022:14:04:06 +0000] "GET /zip/2022_1650117843411.zip HTTP/1.1" 200 385094 "-" "Mozilla/5.0 (Macintosh; Intel Mac OS X 10_15_7) AppleWebKit/537.36 (KHTML, like Gecko) Chrome/100.0.4896.75 Safari/537.36"
::1 - - [16/Apr/2022:14:04:17 +0000] "GET /zip/2022_1650117843411.zip HTTP/1.1" 200 385094 "-" "Mozilla/5.0 (Macintosh; Intel Mac OS X 10_15_7) AppleWebKit/537.36 (KHTML, like Gecko) Chrome/100.0.4896.75 Safari/537.36"
::1 - - [17/Apr/2022:05:49:58 +0000] "GET / HTTP/1.1" 200 777 "-" "Mozilla/5.0 (Macintosh; Intel Mac OS X 10_15_7) AppleWebKit/537.36 (KHTML, like Gecko) Chrome/100.0.4896.75 Safari/537.36"
::1 - - [17/Apr/2022:05:49:58 +0000] "GET /%3C%=%20BASE_URL%20%%3Efavicon.ico HTTP/1.1" 400 16 "http://localhost:8000/" "Mozilla/5.0 (Macintosh; Intel Mac OS X 10_15_7) AppleWebKit/537.36 (KHTML, like Gecko) Chrome/100.0.4896.75 Safari/537.36"
::1 - - [17/Apr/2022:05:50:42 +0000] "GET / HTTP/1.1" 200 777 "-" "Mozilla/5.0 (Macintosh; Intel Mac OS X 10_15_7) AppleWebKit/537.36 (KHTML, like Gecko) Chrome/100.0.4896.75 Safari/537.36"
::1 - - [17/Apr/2022:05:50:42 +0000] "GET /%3C%=%20BASE_URL%20%%3Efavicon.ico HTTP/1.1" 400 16 "http://localhost:8000/" "Mozilla/5.0 (Macintosh; Intel Mac OS X 10_15_7) AppleWebKit/537.36 (KHTML, like Gecko) Chrome/100.0.4896.75 Safari/537.36"
::1 - - [17/Apr/2022:05:50:48 +0000] "GET /api/chart/get-dashboard-likes HTTP/1.1" 401 68 "-" "Mozilla/5.0 (Macintosh; Intel Mac OS X 10_15_7) AppleWebKit/537.36 (KHTML, like Gecko) Chrome/100.0.4896.75 Safari/537.36"
::1 - - [17/Apr/2022:05:50:48 +0000] "GET /favicon.ico HTTP/1.1" 200 4286 "http://localhost:8000/api/chart/get-dashboard-likes" "Mozilla/5.0 (Macintosh; Intel Mac OS X 10_15_7) AppleWebKit/537.36 (KHTML, like Gecko) Chrome/100.0.4896.75 Safari/537.36"
::1 - - [17/Apr/2022:05:50:51 +0000] "GET /api/ HTTP/1.1" 200 9 "-" "Mozilla/5.0 (Macintosh; Intel Mac OS X 10_15_7) AppleWebKit/537.36 (KHTML, like Gecko) Chrome/100.0.4896.75 Safari/537.36"
::1 - - [17/Apr/2022:05:50:54 +0000] "GET / HTTP/1.1" 200 777 "-" "Mozilla/5.0 (Macintosh; Intel Mac OS X 10_15_7) AppleWebKit/537.36 (KHTML, like Gecko) Chrome/100.0.4896.75 Safari/537.36"
::1 - - [17/Apr/2022:05:50:54 +0000] "GET /%3C%=%20BASE_URL%20%%3Efavicon.ico HTTP/1.1" 400 16 "http://localhost:8000/" "Mozilla/5.0 (Macintosh; Intel Mac OS X 10_15_7) AppleWebKit/537.36 (KHTML, like Gecko) Chrome/100.0.4896.75 Safari/537.36"
::1 - - [17/Apr/2022:05:50:55 +0000] "GET / HTTP/1.1" 200 777 "-" "Mozilla/5.0 (Macintosh; Intel Mac OS X 10_15_7) AppleWebKit/537.36 (KHTML, like Gecko) Chrome/100.0.4896.75 Safari/537.36"
::1 - - [17/Apr/2022:05:50:56 +0000] "GET /%3C%=%20BASE_URL%20%%3Efavicon.ico HTTP/1.1" 400 16 "http://localhost:8000/" "Mozilla/5.0 (Macintosh; Intel Mac OS X 10_15_7) AppleWebKit/537.36 (KHTML, like Gecko) Chrome/100.0.4896.75 Safari/537.36"
::1 - - [17/Apr/2022:05:51:00 +0000] "GET / HTTP/1.1" 200 777 "-" "Mozilla/5.0 (Macintosh; Intel Mac OS X 10_15_7) AppleWebKit/537.36 (KHTML, like Gecko) Chrome/100.0.4896.75 Safari/537.36"
::1 - - [17/Apr/2022:05:51:00 +0000] "GET /%3C%=%20BASE_URL%20%%3Efavicon.ico HTTP/1.1" 400 16 "http://localhost:8000/" "Mozilla/5.0 (Macintosh; Intel Mac OS X 10_15_7) AppleWebKit/537.36 (KHTML, like Gecko) Chrome/100.0.4896.75 Safari/537.36"
::1 - - [17/Apr/2022:05:51:01 +0000] "GET / HTTP/1.1" 200 777 "-" "Mozilla/5.0 (Macintosh; Intel Mac OS X 10_15_7) AppleWebKit/537.36 (KHTML, like Gecko) Chrome/100.0.4896.75 Safari/537.36"
::1 - - [17/Apr/2022:05:51:01 +0000] "GET /%3C%=%20BASE_URL%20%%3Efavicon.ico HTTP/1.1" 400 16 "http://localhost:8000/" "Mozilla/5.0 (Macintosh; Intel Mac OS X 10_15_7) AppleWebKit/537.36 (KHTML, like Gecko) Chrome/100.0.4896.75 Safari/537.36"
::1 - - [17/Apr/2022:05:51:03 +0000] "GET / HTTP/1.1" 200 777 "-" "Mozilla/5.0 (Macintosh; Intel Mac OS X 10_15_7) AppleWebKit/537.36 (KHTML, like Gecko) Chrome/100.0.4896.75 Safari/537.36"
::1 - - [17/Apr/2022:05:51:03 +0000] "GET /%3C%=%20BASE_URL%20%%3Efavicon.ico HTTP/1.1" 400 16 "http://localhost:8000/" "Mozilla/5.0 (Macintosh; Intel Mac OS X 10_15_7) AppleWebKit/537.36 (KHTML, like Gecko) Chrome/100.0.4896.75 Safari/537.36"
::1 - - [17/Apr/2022:05:51:22 +0000] "GET / HTTP/1.1" 200 777 "-" "Mozilla/5.0 (Macintosh; Intel Mac OS X 10_15_7) AppleWebKit/537.36 (KHTML, like Gecko) Chrome/100.0.4896.75 Safari/537.36"
::1 - - [17/Apr/2022:05:51:22 +0000] "GET /%3C%=%20BASE_URL%20%%3Efavicon.ico HTTP/1.1" 400 16 "http://localhost:8000/" "Mozilla/5.0 (Macintosh; Intel Mac OS X 10_15_7) AppleWebKit/537.36 (KHTML, like Gecko) Chrome/100.0.4896.75 Safari/537.36"
::1 - - [17/Apr/2022:05:51:22 +0000] "GET / HTTP/1.1" 200 777 "-" "Mozilla/5.0 (Macintosh; Intel Mac OS X 10_15_7) AppleWebKit/537.36 (KHTML, like Gecko) Chrome/100.0.4896.75 Safari/537.36"
::1 - - [17/Apr/2022:05:51:22 +0000] "GET /%3C%=%20BASE_URL%20%%3Efavicon.ico HTTP/1.1" 400 16 "http://localhost:8000/" "Mozilla/5.0 (Macintosh; Intel Mac OS X 10_15_7) AppleWebKit/537.36 (KHTML, like Gecko) Chrome/100.0.4896.75 Safari/537.36"
::1 - - [17/Apr/2022:05:51:23 +0000] "GET / HTTP/1.1" 200 777 "-" "Mozilla/5.0 (Macintosh; Intel Mac OS X 10_15_7) AppleWebKit/537.36 (KHTML, like Gecko) Chrome/100.0.4896.75 Safari/537.36"
::1 - - [17/Apr/2022:05:51:23 +0000] "GET /%3C%=%20BASE_URL%20%%3Efavicon.ico HTTP/1.1" 400 16 "http://localhost:8000/" "Mozilla/5.0 (Macintosh; Intel Mac OS X 10_15_7) AppleWebKit/537.36 (KHTML, like Gecko) Chrome/100.0.4896.75 Safari/537.36"
